------------------------------------------------------------
Timing Analyzer Summary
------------------------------------------------------------

Type  : Slow 1100mV 85C Model Setup 'CLOCK_50'
Slack : -5.859
TNS   : -165.947

Type  : Slow 1100mV 85C Model Setup 'clock_diviser:CLOCK_DIVISER_INSTANCE|clk'
Slack : -3.968
TNS   : -215.094

Type  : Slow 1100mV 85C Model Setup 'serial_in:SERIAL_IN_INSTANCE|clock_diviser:CLOCK_DIVISER_INSTANCE|clk'
Slack : -2.920
TNS   : -79.041

Type  : Slow 1100mV 85C Model Setup 'serial_in:SERIAL_IN_INSTANCE|data[1]'
Slack : -1.792
TNS   : -12.685

Type  : Slow 1100mV 85C Model Hold 'serial_in:SERIAL_IN_INSTANCE|data[1]'
Slack : 0.049
TNS   : 0.000

Type  : Slow 1100mV 85C Model Hold 'serial_in:SERIAL_IN_INSTANCE|clock_diviser:CLOCK_DIVISER_INSTANCE|clk'
Slack : 0.358
TNS   : 0.000

Type  : Slow 1100mV 85C Model Hold 'clock_diviser:CLOCK_DIVISER_INSTANCE|clk'
Slack : 0.427
TNS   : 0.000

Type  : Slow 1100mV 85C Model Hold 'CLOCK_50'
Slack : 0.443
TNS   : 0.000

Type  : Slow 1100mV 85C Model Recovery 'serial_in:SERIAL_IN_INSTANCE|clock_diviser:CLOCK_DIVISER_INSTANCE|clk'
Slack : -1.834
TNS   : -68.365

Type  : Slow 1100mV 85C Model Recovery 'clock_diviser:CLOCK_DIVISER_INSTANCE|clk'
Slack : -1.442
TNS   : -65.880

Type  : Slow 1100mV 85C Model Removal 'serial_in:SERIAL_IN_INSTANCE|clock_diviser:CLOCK_DIVISER_INSTANCE|clk'
Slack : 0.632
TNS   : 0.000

Type  : Slow 1100mV 85C Model Removal 'clock_diviser:CLOCK_DIVISER_INSTANCE|clk'
Slack : 1.011
TNS   : 0.000

Type  : Slow 1100mV 85C Model Minimum Pulse Width 'CLOCK_50'
Slack : -0.554
TNS   : -43.546

Type  : Slow 1100mV 85C Model Minimum Pulse Width 'clock_diviser:CLOCK_DIVISER_INSTANCE|clk'
Slack : -0.538
TNS   : -68.549

Type  : Slow 1100mV 85C Model Minimum Pulse Width 'serial_in:SERIAL_IN_INSTANCE|clock_diviser:CLOCK_DIVISER_INSTANCE|clk'
Slack : -0.538
TNS   : -34.397

Type  : Slow 1100mV 85C Model Minimum Pulse Width 'serial_in:SERIAL_IN_INSTANCE|data[1]'
Slack : 0.395
TNS   : 0.000

Type  : Slow 1100mV 0C Model Setup 'CLOCK_50'
Slack : -5.956
TNS   : -164.330

Type  : Slow 1100mV 0C Model Setup 'clock_diviser:CLOCK_DIVISER_INSTANCE|clk'
Slack : -4.025
TNS   : -219.457

Type  : Slow 1100mV 0C Model Setup 'serial_in:SERIAL_IN_INSTANCE|clock_diviser:CLOCK_DIVISER_INSTANCE|clk'
Slack : -3.034
TNS   : -81.879

Type  : Slow 1100mV 0C Model Setup 'serial_in:SERIAL_IN_INSTANCE|data[1]'
Slack : -1.667
TNS   : -11.895

Type  : Slow 1100mV 0C Model Hold 'serial_in:SERIAL_IN_INSTANCE|data[1]'
Slack : -0.143
TNS   : -0.490

Type  : Slow 1100mV 0C Model Hold 'serial_in:SERIAL_IN_INSTANCE|clock_diviser:CLOCK_DIVISER_INSTANCE|clk'
Slack : 0.358
TNS   : 0.000

Type  : Slow 1100mV 0C Model Hold 'clock_diviser:CLOCK_DIVISER_INSTANCE|clk'
Slack : 0.435
TNS   : 0.000

Type  : Slow 1100mV 0C Model Hold 'CLOCK_50'
Slack : 0.451
TNS   : 0.000

Type  : Slow 1100mV 0C Model Recovery 'serial_in:SERIAL_IN_INSTANCE|clock_diviser:CLOCK_DIVISER_INSTANCE|clk'
Slack : -1.770
TNS   : -64.571

Type  : Slow 1100mV 0C Model Recovery 'clock_diviser:CLOCK_DIVISER_INSTANCE|clk'
Slack : -1.348
TNS   : -61.680

Type  : Slow 1100mV 0C Model Removal 'serial_in:SERIAL_IN_INSTANCE|clock_diviser:CLOCK_DIVISER_INSTANCE|clk'
Slack : 0.540
TNS   : 0.000

Type  : Slow 1100mV 0C Model Removal 'clock_diviser:CLOCK_DIVISER_INSTANCE|clk'
Slack : 0.949
TNS   : 0.000

Type  : Slow 1100mV 0C Model Minimum Pulse Width 'CLOCK_50'
Slack : -0.599
TNS   : -39.036

Type  : Slow 1100mV 0C Model Minimum Pulse Width 'clock_diviser:CLOCK_DIVISER_INSTANCE|clk'
Slack : -0.538
TNS   : -68.139

Type  : Slow 1100mV 0C Model Minimum Pulse Width 'serial_in:SERIAL_IN_INSTANCE|clock_diviser:CLOCK_DIVISER_INSTANCE|clk'
Slack : -0.538
TNS   : -34.273

Type  : Slow 1100mV 0C Model Minimum Pulse Width 'serial_in:SERIAL_IN_INSTANCE|data[1]'
Slack : 0.298
TNS   : 0.000

Type  : Fast 1100mV 85C Model Setup 'CLOCK_50'
Slack : -3.184
TNS   : -61.064

Type  : Fast 1100mV 85C Model Setup 'clock_diviser:CLOCK_DIVISER_INSTANCE|clk'
Slack : -1.697
TNS   : -77.591

Type  : Fast 1100mV 85C Model Setup 'serial_in:SERIAL_IN_INSTANCE|clock_diviser:CLOCK_DIVISER_INSTANCE|clk'
Slack : -1.237
TNS   : -24.975

Type  : Fast 1100mV 85C Model Setup 'serial_in:SERIAL_IN_INSTANCE|data[1]'
Slack : -0.810
TNS   : -4.978

Type  : Fast 1100mV 85C Model Hold 'serial_in:SERIAL_IN_INSTANCE|clock_diviser:CLOCK_DIVISER_INSTANCE|clk'
Slack : -0.059
TNS   : -0.631

Type  : Fast 1100mV 85C Model Hold 'serial_in:SERIAL_IN_INSTANCE|data[1]'
Slack : 0.126
TNS   : 0.000

Type  : Fast 1100mV 85C Model Hold 'clock_diviser:CLOCK_DIVISER_INSTANCE|clk'
Slack : 0.143
TNS   : 0.000

Type  : Fast 1100mV 85C Model Hold 'CLOCK_50'
Slack : 0.199
TNS   : 0.000

Type  : Fast 1100mV 85C Model Recovery 'serial_in:SERIAL_IN_INSTANCE|clock_diviser:CLOCK_DIVISER_INSTANCE|clk'
Slack : -0.605
TNS   : -20.368

Type  : Fast 1100mV 85C Model Recovery 'clock_diviser:CLOCK_DIVISER_INSTANCE|clk'
Slack : -0.407
TNS   : -18.067

Type  : Fast 1100mV 85C Model Removal 'serial_in:SERIAL_IN_INSTANCE|clock_diviser:CLOCK_DIVISER_INSTANCE|clk'
Slack : 0.017
TNS   : 0.000

Type  : Fast 1100mV 85C Model Removal 'clock_diviser:CLOCK_DIVISER_INSTANCE|clk'
Slack : 0.407
TNS   : 0.000

Type  : Fast 1100mV 85C Model Minimum Pulse Width 'CLOCK_50'
Slack : -0.634
TNS   : -23.662

Type  : Fast 1100mV 85C Model Minimum Pulse Width 'serial_in:SERIAL_IN_INSTANCE|clock_diviser:CLOCK_DIVISER_INSTANCE|clk'
Slack : -0.015
TNS   : -0.262

Type  : Fast 1100mV 85C Model Minimum Pulse Width 'clock_diviser:CLOCK_DIVISER_INSTANCE|clk'
Slack : 0.020
TNS   : 0.000

Type  : Fast 1100mV 85C Model Minimum Pulse Width 'serial_in:SERIAL_IN_INSTANCE|data[1]'
Slack : 0.422
TNS   : 0.000

Type  : Fast 1100mV 0C Model Setup 'CLOCK_50'
Slack : -2.894
TNS   : -52.467

Type  : Fast 1100mV 0C Model Setup 'clock_diviser:CLOCK_DIVISER_INSTANCE|clk'
Slack : -1.512
TNS   : -69.900

Type  : Fast 1100mV 0C Model Setup 'serial_in:SERIAL_IN_INSTANCE|clock_diviser:CLOCK_DIVISER_INSTANCE|clk'
Slack : -1.087
TNS   : -22.167

Type  : Fast 1100mV 0C Model Setup 'serial_in:SERIAL_IN_INSTANCE|data[1]'
Slack : -0.695
TNS   : -4.351

Type  : Fast 1100mV 0C Model Hold 'serial_in:SERIAL_IN_INSTANCE|clock_diviser:CLOCK_DIVISER_INSTANCE|clk'
Slack : -0.113
TNS   : -1.231

Type  : Fast 1100mV 0C Model Hold 'serial_in:SERIAL_IN_INSTANCE|data[1]'
Slack : 0.089
TNS   : 0.000

Type  : Fast 1100mV 0C Model Hold 'clock_diviser:CLOCK_DIVISER_INSTANCE|clk'
Slack : 0.119
TNS   : 0.000

Type  : Fast 1100mV 0C Model Hold 'CLOCK_50'
Slack : 0.188
TNS   : 0.000

Type  : Fast 1100mV 0C Model Recovery 'serial_in:SERIAL_IN_INSTANCE|clock_diviser:CLOCK_DIVISER_INSTANCE|clk'
Slack : -0.499
TNS   : -16.419

Type  : Fast 1100mV 0C Model Recovery 'clock_diviser:CLOCK_DIVISER_INSTANCE|clk'
Slack : -0.308
TNS   : -13.691

Type  : Fast 1100mV 0C Model Removal 'serial_in:SERIAL_IN_INSTANCE|clock_diviser:CLOCK_DIVISER_INSTANCE|clk'
Slack : -0.037
TNS   : -0.330

Type  : Fast 1100mV 0C Model Removal 'clock_diviser:CLOCK_DIVISER_INSTANCE|clk'
Slack : 0.353
TNS   : 0.000

Type  : Fast 1100mV 0C Model Minimum Pulse Width 'CLOCK_50'
Slack : -0.682
TNS   : -28.038

Type  : Fast 1100mV 0C Model Minimum Pulse Width 'serial_in:SERIAL_IN_INSTANCE|clock_diviser:CLOCK_DIVISER_INSTANCE|clk'
Slack : 0.019
TNS   : 0.000

Type  : Fast 1100mV 0C Model Minimum Pulse Width 'clock_diviser:CLOCK_DIVISER_INSTANCE|clk'
Slack : 0.046
TNS   : 0.000

Type  : Fast 1100mV 0C Model Minimum Pulse Width 'serial_in:SERIAL_IN_INSTANCE|data[1]'
Slack : 0.419
TNS   : 0.000

------------------------------------------------------------
